border_size=1
usage=map

Md          , Md          , Md          , Md          , Md          , Md          , Md          , Md          , Md          , Md          , Md          , Md          , Md          , Md          , Md          , Md          , Md          , Md          , Rr          , Hhd         , Hhd         , Md          , Md          , Md          , Md          
Md          , Md          , Md          , Md          , Md          , Md          , Md          , Md          , Md          , Md          , Hhd         , Md          , Hhd         , Hhd         , Hhd         , Md          , Md          , Md          , Rr          , Hhd         , Hhd         , Md          , Md          , Md          , Md          
Md          , Md          , Md^Xm       , Md          , Md          , Md^Xm       , Md          , Md          , Hhd         , Wwf         , Wwf         , Hhd         , Hhd         , Hhd         , Hhd         , Hhd         , Hhd         , Rr          , Hhd         , Hhd         , Hhd         , Hhd         , Hhd         , Md          , Md          
Md          , Md          , Md          , Md          , Md          , Md          , Md^Xm       , Md          , Hhd         , Hhd         , Hhd         , Wwf         , Wwg         , Hhd         , Hhd         , Hhd         , Hhd         , Rr          , Wwg         , Wwg         , Wwf         , Hhd         , Hhd         , Md          , Md          
Rr          , Md          , Md          , Md          , Md          , Md          , Md          , Md          , Hhd         , Hhd         , Hhd         , Hhd         , Hhd         , Wwg         , Wwg         , Hhd         , Wwg         , Wwg^Bw|     , Wwg         , Wwg         , Wwf         , Wwf         , Hhd         , Md          , Md          
Hhd         , Rr          , Rr          , Md          , Hhd         , Md          , Md          , Md          , Md          , Hhd         , Hhd         , Hhd         , Hhd         , Hhd         , Hhd         , Wwg         , Wwg         , Wwg         , Wwg         , Wwf         , Hhd         , Hhd         , Hhd         , Md          , Md          
Hhd         , Hhd         , Hhd         , Rr          , Rr          , Hhd         , Md          , Md          , Md          , Md          , Hhd         , Hhd         , Hhd         , Hhd         , Hhd         , Hhd         , Hhd         , Wwg         , Hhd         , Hhd         , Hhd         , Hhd         , Md          , Md          , Md          
Wwf         , Hhd         , Hhd         , Hhd         , Hhd         , Rr          , Md          , Md          , Md          , Md          , Md          , Hhd         , Hhd         , Hhd         , Hhd         , Hhd         , Hhd         , Wwg         , Hhd         , Hhd         , Hhd         , Md          , Md          , Md          , Md          
Hhd         , Wwf         , Wwg         , Hhd         , Hhd         , Rr          , Md          , Md          , Md          , Md          , Md          , Md          , Md          , Md          , Hhd         , Hhd         , Hhd         , Ww          , Hhd         , Hhd         , Hhd         , Md          , Md          , Md          , Md          
Hhd         , Hhd         , Hhd         , Wwg         , Hhd         , Rr          , Rr          , Md          , Md          , Md          , Md          , Md          , Md          , Md          , Hhd         , Hhd         , Hhd         , Ww          , Hhd         , Hhd         , Hhd         , Md          , Md          , Md          , Md          
Hhd         , Hhd         , Hhd         , Wo          , Hhd         , Hhd         , Rr          , Md          , Md          , Mm^Xm       , Md          , Md          , Md          , Md          , Hhd         , Hhd         , Hhd         , Ww          , Hhd         , Hhd         , Hhd         , Md          , Md          , Md          , Md          
Hhd         , Hhd         , Hhd         , Wo          , Wo          , Hhd         , Ww^Bw|      , Chr         , Hhd         , Hhd         , Hhd         , Md          , Md          , Md          , Hhd         , Hhd         , Hhd         , Ww          , Hhd         , Hhd         , Hhd         , Md          , Md          , Md          , Md          
Hhd         , Hhd         , Hhd         , Hhd         , Wo          , Wo          , Wo          , Wo          , Hhd         , Hhd         , Hhd         , Md          , Hhd         , Hhd         , Hhd         , Hhd         , Hhd         , Ww          , Hhd         , Hhd         , Hhd         , Hhd         , Hhd         , Hhd         , Hhd         
Md          , Hhd         , Hhd         , Hhd         , Hhd         , Wo          , Wo          , Wo          , Hhd         , Hhd         , Hhd         , Hhd         , Hhd         , Hhd         , Hhd         , Hhd         , Hhd         , Ww          , Ww          , Hhd         , Hhd         , Hhd         , Hhd         , Hhd         , Hhd         
Md          , Md          , Md          , Hhd         , Hhd         , Wo          , Wo          , Wo          , Hhd         , Hhd         , Hhd         , Hhd         , Rp          , Hhd         , Hhd         , Hhd         , Hhd         , Hhd         , Ww          , Hhd         , Hhd         , Hhd         , Hhd         , Hhd         , Hhd         
Rd          , Md          , Md          , Hhd         , Hhd         , Hhd         , Hhd         , Wo          , Hhd         , Hhd         , Hhd         , Hhd         , Rp          , Hhd         , Hhd         , Hhd         , Hhd         , Hhd         , Hhd         , Ww          , Hhd         , Hhd         , Hhd         , Hhd         , Hhd         
Hhd         , Hhd         , Hhd         , Hhd         , Hhd         , Hhd         , Hhd         , Wot         , Hhd         , Hhd         , Hhd         , Hhd         , Rp          , Hhd         , Hhd         , Hhd         , Hhd         , Hhd         , Hhd         , Ww          , Hhd         , Hhd         , Hhd         , Hhd         , Hhd         
Hhd         , Hhd         , Hhd         , Hhd         , Hhd         , Hhd         , Hhd         , Wot         , Hhd         , Hhd         , Hhd         , Hhd         , Rp          , Hhd         , Hhd         , Hhd         , Hhd         , Hhd         , Hhd         , Ww          , Hhd         , Hhd         , Hhd         , Hhd         , Re          
Re          , Hhd         , Hhd         , Hhd         , Hhd         , Hhd         , Hhd         , Wot         , Hhd         , Hhd         , Hhd         , Rp          , Rp          , Hhd         , Re          , Re          , Re          , Re          , Re          , Ww          , Hhd         , Hhd         , Hhd         , Hhd         , Re          
Re          , Re          , Re          , Hhd         , Hhd         , Hhd         , Re          , Ww          , Re          , Hhd         , Re          , Rp          , Rp          , Re          , Re          , Re          , Re          , Re          , Re          , Ww          , Hhd         , Hhd         , Hhd         , Hhd         , Re          
Re          , Re          , Re          , Re          , Re          , Re          , Re          , Ww          , Re          , Re          , Re          , Re          , Rp          , Re          , Re          , Re          , Re          , Re          , Ww          , Ww          , Re          , Hhd         , Re          , Re          , Re          
Re          , Re          , Re          , Re          , Re          , Re          , Re          , Ww          , Re          , Re          , Re          , Re          , Rp          , Re          , Re          , Re          , Ww          , Ww          , Ww          , Ww          , Re          , Re          , Re          , Re          , Re          
Re          , Re          , Re          , Re          , Re          , Re          , Re          , Ww          , Re          , Re          , Re          , Re          , Rp          , Re          , Re          , Re          , Ww          , Ww          , Ww          , Ww          , Re          , Re          , Re          , Re          , Re          
Gd          , Re          , Gd          , Re          , Gd          , Re          , Re          , Ww          , Re          , Re          , Re          , Re          , Rp          , Re          , Re          , Re          , Ww          , Ww          , Ww          , Ww          , Re          , Re          , Re          , Re          , Re          
Gd          , Gd          , Gd          , Gd          , Gd          , Gd          , Gd          , Ww          , Ww^Ewl      , Re          , Re          , Re          , Rp          , Re          , Re          , Re          , Re          , Ww          , Ww          , Re          , Re          , Re          , Re          , Re          , Re          
Gd          , Gd          , Gd          , Gd          , Gd          , Gd          , Gd          , Ww          , Re          , Re          , Re          , Re          , Re          , Rp          , Rp          , Re          , Re          , Re          , Ww          , Re          , Re          , Re          , Re          , Re          , Re          
Gd          , Gd          , Gd          , Gd          , Gd          , Gd          , Ww          , Ww          , Re          , Re          , Re          , Re          , Re          , Re          , Re          , Rp          , Rp          , Re          , Ww          , Rd          , Rd          , Rd          , Re          , Re          , Re          
Gd          , Gd          , Gd          , Gd          , Gd          , Gd          , Ww          , Rd          , Rd          , Re          , Rd          , Rd          , Rd          , Rd          , Rd          , Re          , Rd          , Rp^Bw\      , Ww^Bw\      , Chr         , Rd          , Rd          , Rd          , Re          , Rd          
Gd          , Gd          , Gd          , Gd          , Rd          , Ww          , Rd          , Rd          , Rd          , Rd          , Rd          , Rd          , Rd          , Rd          , Rd          , Rd          , Rd          , Rd          , Ww          , Rp^Bw\      , Rp          , Rd          , Rd          , Rd          , Rd          
Gd          , Gd          , Rd          , Rd          , Rd          , Ww          , Rd          , Rd          , Rd          , Rd          , Rd          , Rd          , Rd          , Rd          , Rd          , Rd          , Rd          , Rd          , Ww          , Rd          , Rd          , Rp          , Rp          , Rd          , Rd          
Gd          , Gd          , Rd          , Rd          , Rd          , Ww          , Rd          , Rd          , Rd          , Rd          , Rd          , Rd          , Rd          , Rd          , Rd          , Rd          , Rd          , Rd          , Ww          , Rd          , Rd          , Rd          , Rd          , Rp          , Rp          
Rd          , Rd          , Rd          , Rd          , Rd          , Ww          , Rd          , Rd          , Rd          , Rd          , Rd          , Rd          , Rd          , Rd          , Rd          , Rd          , Rd          , Rd          , Ww          , Rd          , Rd          , Rd          , Rd          , Rd          , Rd          
Rd          , Rd          , Rd          , Rd          , Rd          , Ww          , Rd          , Rd          , Rd          , Rd          , Rd          , Rd          , Rd          , Rd          , Rd          , Rd          , Rd          , Rd          , Ww          , Rd          , Rd          , Rd          , Rd          , Rd          , Rd          
Rd          , Rd          , Rd          , Rd          , Ww          , Ww          , Rd          , Rd          , Rd          , Rd          , Rd          , Rd          , Rd          , Rd          , Rd          , Rd          , Rd          , Rd          , Ww          , Rd          , Rd          , Rd          , Rd          , Rd          , Rd          
Rd          , Rd          , Rd          , Rd          , Ww          , Ww          , Rd          , Rd          , Rd          , Rd          , Rd          , Rd          , Rd          , Rd          , Rd          , Rd          , Rd          , Rd          , Ww          , Rd          , Rd          , Rd          , Rd          , Rd          , Rd          
Rd          , Rd          , Rd          , Rd          , Ww          , Rd          , Rd          , Rd          , Rd          , Rd          , Rd          , Rd          , Rd          , Rd          , Rd          , Rd          , Rd          , Rd          , Ww          , Rd          , Rd          , Rd          , Rd          , Rd          , Rd          
Rd          , Rd          , Rd          , Rd          , Ww          , Rd          , Rd          , Rd          , Rd          , Rd          , Rd          , Rd          , Rd          , Rd          , Rd          , Rd          , Rd          , Rd          , Ww          , Rd          , Rd          , Rd          , Rd          , Rd          , Rd          
Rd          , Rd          , Rd          , Rd          , Ww          , Rd          , Rd          , Rd          , Rd          , Rd          , Rd          , Rd          , Rd          , Rd          , Rd          , Rd          , Rd          , Rd          , Ww          , Rd          , Rd          , Rd          , Rd          , Rd          , Rd          
Rd          , Rd          , Rd          , Rd          , Ww          , Rd          , Rd          , Rd          , Rd          , Rd          , Rd          , Rd          , Rd          , Rd          , Rd          , Rd          , Rd          , Rd          , Ww          , Rd          , Rd          , Rd          , Rd          , Rd          , Rd          
Rd          , Rd          , Rd          , Rd          , Ww          , Rd          , Rd          , Rd          , Rd          , Rd          , Rd          , Rd          , Rd          , Rd          , Rd          , Rd          , Ww          , Ww          , Rd          , Rd          , Rd          , Rd          , Rd          , Rd          , Rd          
Rd          , Rd          , Rd          , Rd          , Ww          , Rd          , Rd          , Rd          , Rd          , Rd          , Rd          , Rd          , Rd          , Rd          , Ww          , Ww          , Rd          , Rd          , Rd          , Rd          , Rd          , Rd          , Rd          , Rd          , Rd          
Rd          , Rd          , Rd          , Rd          , Ww          , Rd          , Rd          , Rd          , Rd          , Rd          , Rd          , Rd          , Ww          , Ww          , Rd          , Rd          , Rd          , Rd          , Rd          , Rd          , Rd          , Rd          , Rd          , Rd          , Rd          
Rd          , Rd          , Rd          , Rd          , Ww          , Rd          , Rd          , Rd          , Rd          , Rd          , Ww          , Ww          , Rd          , Rd          , Rd          , Rd          , Rd          , Rd          , Rd          , Rd          , Rd          , Rd          , Rd          , Rd          , Rd          
Rd          , Rd          , Rd          , Rd          , Ww          , Rd          , Rd          , Rd          , Ww          , Ww          , Rd          , Ww          , Rd          , Rd          , Rd          , Rd          , Rd          , Rd          , Rd          , Rd          , Rd          , Rd          , Rd          , Rd          , Rd          
Rd          , Rd          , Rd          , Rd          , Ww          , Rd          , Ww          , Ww          , Rd          , Rd          , Rd          , Rd          , Rd          , Rd          , Rd          , Rd          , Rd          , Rd          , Rd          , Rd          , Rd          , Rd          , Rd          , Rd          , Rd          
Rd          , Rd          , Rd          , Rd          , Ww          , Ww          , Rd          , Rd          , Rd          , Rd          , Rd          , Rd          , Rd          , Rd          , Rr          , Rd          , Rd          , Rd          , Rd          , Rd          , Rd          , Rd          , Rd          , Rd          , Rr          
Rd          , Rd          , Rd          , Rd          , Ww          , Ww          , Rr^Bw/      , Rr          , Rr          , Rd          , Rd          , Rd          , Rd          , Rd          , Rr          , Rd          , Rd          , Rd          , Rd          , Rd          , Rd          , Rd          , Rr          , Rr          , Rd          
Rd          , Rd          , Rd          , Chr         , Ww^Bw/      , Ww^Bw/      , Ww          , Chr         , Rd          , Rr          , Rr          , Rd          , Rr          , Rr          , Rd          , Rr          , Rr          , Rd          , Rr          , Rr          , Rr          , Rr          , Rd          , Rd          , Rd          
Rd          , Rd          , Rr          , Rr          , Rd          , Ww          , Ww          , Ww          , Rd          , Rd          , Rd          , Rr          , Rd          , Rd          , Rd          , Rd          , Rd          , Rr          , Rd          , Rd          , Rd          , Rd          , Rd          , Rd          , Ww          
Rr          , Rr          , Rd          , Rd          , Rd          , Rd          , Ww          , Ww          , Rd          , Rd          , Rd          , Rd          , Rd          , Rd          , Ww          , Rd          , Rd          , Rd          , Rd          , Rd          , Rd          , Rd          , Ww          , Ww          , Ww          
Rd          , Rd          , Rd          , Rd          , Rd          , Rd          , Ww          , Ww          , Rd          , Rd          , Rd          , Rd          , Ww          , Ww          , Ww          , Ww          , Ww          , Rd          , Ww          , Ww          , Ww          , Ww          , Ww          , Ww          , Rd          
Rr          , Rd          , Rd          , Rd          , Rd          , Rd          , Ww          , Ww          , Chr         , Rd          , Ww          , Ww          , Ww          , Ww          , Rd          , Ww          , Ww          , Ww          , Ww          , Ww          , Ww          , Ww          , Rd          , Rd          , Rd          
Gd          , Rr          , Rr          , Rd          , Rd          , Rd          , Ww          , Ww          , Ww          , Ww          , Ww          , Ww          , Rd          , Rd          , Rd          , Rd          , Rd          , Ww          , Rd          , Rd          , Rd          , Rd          , Rd          , Rd          , Hhd         
Gd          , Gd          , Gd          , Rr          , Rr          , Rd          , Gd          , Ww          , Ww          , Ww          , Ww          , Rd          , Rd          , Rd          , Rd          , Rd          , Rd          , Rd          , Rd          , Rd          , Hhd         , Hhd         , Hhd         , Hhd         , Hhd         
Gd          , Gd          , Gd          , Gd          , Gd          , Rr          , Rr          , Gd          , Gd          , Ww          , Ww          , Ww          , Ww          , Rd          , Rd          , Rd          , Rd          , Rd          , Rd          , Hhd         , Hhd         , Hhd         , Hhd         , Hhd         , Hhd         
Gd          , Gd          , Gd^Eff      , Gd^Eff      , Gd^Eff      , Gd          , Gd          , Rr          , Rr          , Gd          , Gd          , Ww          , Ww          , Ww          , Rd          , Gd          , Rd          , Rd          , Rd          , Hhd         , Hhd         , Hhd         , Hhd         , Hhd         , Hhd         
Gd^Eff      , Gd^Eff      , Gd          , Gd          , Gd          , Gd^Eff      , Gd^Eff      , Gd          , Gd          , Rr          , Rr          , Chr         , Ww          , Ww          , Rd          , Rd          , Rd          , Rd          , Rd          , Rd          , Hhd         , Hhd         , Hhd         , Hhd         , Hhd         
Gd          , Gd^Eff      , Gd^Eff      , Gd          , Gd          , Gd          , Gd^Eff      , Gd^Eff      , Gd          , Gd          , Gd          , Rp^Vhcr     , Ww          , Ww          , Rd          , Rd          , Rd          , Gd          , Rd          , Rd          , Hhd         , Hhd         , Hhd         , Hhd         , Hhd         
Gd          , Gd          , Gd          , Gd^Eff      , Gd^Eff      , Gd^Eff      , Gd          , Gd          , Gd          , Gd          , Gd^Wm       , Gd          , Ww          , Ww          , Rd          , Rd          , Rd          , Rd          , Rd          , Gd          , Gd          , Hhd         , Hhd         , Hhd         , Hhd         
Gd          , Gd          , Gd          , Gd          , Gd          , Gd          , Gd          , Gd          , Gd          , Gd          , Gd          , Gd          , Ww          , Ww          , Rd          , Rd          , Gll         , Rd          , Gd          , Gd^Wm       , Gd          , Gd          , Hhd         , Hhd         , Hhd         
Gd          , Gd          , Gd          , Gd          , Gd          , Gd          , Gd          , Gd          , Gd          , Gd          , Gd          , Gd          , Ww          , Ww          , Gll         , Gll         , Gll         , Gll         , Gd          , Gd          , Gd          , Hhd         , Hhd         , Hhd         , Hhd         
Gd          , Gd          , Gd          , Gd          , Gd          , Gd          , Gd          , Gd          , Gd          , Gd          , Gd          , Gd          , Ww          , Ww          , Gll         , Gd          , Gll         , Gd          , Gd          , Gd          , Hhd         , Hhd         , Hhd         , Hhd         , Hhd         
Gs          , Gd          , Gd          , Gd          , Gd          , Gd          , Gd          , Gd          , Gd          , Gd          , Gd          , Gd          , Ww          , Ww          , Gll         , Gll         , Gd          , Gd          , Gd          , Gd          , Hhd         , Hhd         , Hhd         , Hhd         , Hhd         
Gd          , Gd          , Ww          , Ww          , Ww          , Gd          , Gd          , Gd          , Gd          , Gd          , Gd          , Gd          , Ww          , Ww          , Chr         , Gd          , Gd          , Gd          , Gd          , Gd          , Gll         , Hhd         , Gll         , Hhd         , Hhd         
Ww          , Ww          , Ww          , Ww          , Ww          , Ww          , Ww          , Gd          , Gd          , Gd          , Gd          , Gd          , Ww          , Ww          , Gd^Vhr      , Gd          , Gd          , Gd          , Gd          , Gd          , Gll         , Gll         , Gll         , Gll         , Gll         
Ww          , Ww          , Gd          , Gd          , Gd          , Ww          , Ww          , Ww          , Ww          , Gd          , Gd          , Gd          , Ww          , Ww          , Gd          , Gd          , Gd          , Gd          , Gd          , Gd          , Gll         , Gll         , Gll         , Gll         , Ww          
Gd          , Gd          , Gd          , Gd          , Gd          , Gd          , Gd          , Ww          , Ww          , Ww          , Ww          , Gd          , Ww          , Ww          , Gd          , Gd          , Ww          , Ww          , Ww          , Ww          , Ww          , Ww          , Ww          , Ww          , Gll         
Gd          , Gd          , Hhd         , Hhd         , Hhd         , Gd          , Gd          , Gd          , Gd          , Ww          , Ww          , Ww          , Ww          , Ww          , Ww          , Ww          , Ww          , Ww          , Gd          , Ww          , Gd          , Gd          , Gd          , Gd          , Gd          
Md          , Hhd         , Hhd         , Hhd         , Hhd         , Hhd         , Gd          , Gd          , Gd          , Chr         , Ww          , Ww          , Ww          , Ww          , Ww          , Ww          , Gd          , Gd          , Gd          , Gd          , Gd          , Gd          , Gd          , Gd          , Gd          
Md          , Md          , Md          , Md          , Hhd         , Hhd         , Gd          , Gd          , Gd          , Gd          , Ww          , Ww          , Ww          , Ww          , Gd          , Gd          , Gd          , Gd          , Gd          , Gd          , Gd          , Gd          , Gd          , Gd          , Gd          
Md          , Md          , Md          , Md          , Hhd         , Hhd         , Gd          , Gd          , Gd          , Gd          , Ww          , Ww          , Ww          , Ww          , Gd          , Gd          , Gd          , Gd          , Gd          , Gd          , Gd          , Gd          , Gd          , Gd          , Gd          
Md          , Md          , Hhd         , Hhd         , Hhd         , Gd          , Gd          , Gd          , Gd          , Gd          , Ww          , Ww          , Ww          , Ww          , Gd          , Gd          , Gd          , Gd          , Gd          , Gd          , Gd          , Gd          , Gd          , Gd          , Gd          
Hhd         , Hhd         , Hhd         , Hhd         , Gd          , Gd          , Gd          , Gd          , Ww          , Ww          , Ww          , Ww          , Ww          , Ww          , Gd          , Gd          , Gd          , Gd          , Gd          , Gd          , Gd          , Gd          , Gd          , Gd          , Gd          
Hhd         , Hhd         , Gd          , Gd          , Gd          , Gd          , Ww          , Ww          , Ww          , Ww          , Ww          , Ww          , Ww          , Ww          , Gd          , Gd          , Gd          , Gd          , Gd          , Gd          , Gd          , Gd          , Gd          , Gd          , Gd          
Gd          , Gd          , Gd          , Gd          , Ww          , Ww          , Ww          , Ww          , Ww          , Ww          , Ww          , Ww          , Gd          , Wwf         , Gd          , Gd          , Gd          , Gd          , Gd          , Gd          , Gd          , Gd          , Gd          , Gd          , Gd          
Gd          , Gd          , Wwr         , Ww          , Ww          , Ww          , Ww          , Ww          , Ww          , Ww          , Chw         , Wwf         , Wwf         , Wwf         , Wwf         , Gd          , Gd          , Gd          , Gd          , Gd          , Gd          , Gd          , Gd          , Gd          , Gd          
Gd          , Gd          , Wwr         , Wwr         , Ww          , Ww          , Ww          , Ww          , Gd          , Gd          , Gd          , Gd          , Gd          , Wwf         , Gll         , Wwf         , Gll         , Gd          , Gd          , Gd          , Gd          , Gd          , Gd          , Gd          , Gd          
Gd          , Gd          , Ww          , Ww          , Ww          , Ww          , Ww          , Ww          , Gd          , Gd          , Gd          , Gd          , Gd          , Gll         , Gll         , Gll         , Gll         , Gll         , Gd          , Gd          , Gd          , Gd          , Gd          , Gd          , Gd          
Gd          , Gd          , Ww          , Ww          , Ww          , Ww          , Ww          , Ww          , Gd^Vhr      , Gd^Vhr      , Rr          , Gd          , Gd          , Gll         , Gll         , Gll         , Gll         , Gll         , Gd          , Gd          , Gd          , Gd          , Gd          , Gd          , Rr          
Gd          , Gd          , Ww          , Ww          , Ww          , Ww          , Ww          , Ww          , Rp^Vhcr     , Rr          , Gd^Vhr      , Rr          , Rr          , Gd          , Gd          , Gll         , Gd          , Gd          , Rr          , Gd          , Rr          , Gd          , Rr          , Rr          , Gd          
Gd          , Gd          , Ww          , Ww          , Ww          , Ww          , Ww          , Ww          , Gd          , Gd^Vhr      , Gd          , Gd          , Gd          , Rr          , Rr          , Gd          , Rr          , Rr          , Gd          , Rr          , Gd          , Rr          , Gd          , Gd          , Gd          
Gd          , Gd          , Gd          , Ww          , Ww          , Ww          , Ww          , Ww          , Ww          , Gd          , Gd          , Gd          , Gd          , Gd          , Gd          , Rr          , Gd          , Gd          , Gd          , Gd          , Gd          , Gd          , Gd          , Gd          , Gd          
Gd          , Gd          , Gd          , Ww          , Ww          , Ww          , Ww          , Ww          , Ww          , Ww          , Ww          , Gd          , Gd          , Gd          , Gd          , Gd          , Gd          , Gd          , Gd          , Gd          , Gd          , Gd          , Gd          , Gd          , Gd          
Gd          , Gd          , Gd          , Gd          , Gd          , Ww          , Ww          , Ww          , Ww          , Ww          , Ww          , Ww          , Ww          , Gd          , Gd          , Gd          , Gd          , Gd          , Gd          , Gd          , Gd          , Gd          , Gd          , Gd          , Gd          
Gd          , Gd          , Gd          , Gd          , Gd          , Gd          , Gd          , Ww          , Ww          , Ww          , Ww          , Ww          , Ww          , Gd          , Gd          , Gd          , Gd          , Gd          , Gd          , Gd          , Gd          , Gd          , Gd          , Gd          , Gd          
Gd          , Gd          , Gd          , Gd          , Gd          , Gd          , Gd          , Chr         , Ww          , Ww          , Ww          , Ww          , Ww          , Gd          , Gd          , Gd          , Gd          , Gd          , Gd          , Gd          , Gd          , Gd          , Gd          , Gd          , Gd          
Gd          , Gd          , Gd          , Gd          , Gd          , Gd          , Gd          , Ww          , Ww          , Ww          , Ww          , Ww          , Ww          , Gd          , Gd          , Gd          , Gd          , Gd          , Gd          , Gd          , Gd          , Gd          , Gd          , Gd          , Gd          
Gd          , Gd          , Gd          , Gd          , Gd          , Gd          , Gd          , Ww          , Ww          , Ww          , Ww          , Ww          , Ww          , Gd          , Gd          , Gd          , Gd          , Gd          , Gd          , Gd          , Gd          , Gd          , Gd          , Gd          , Gd          
Gd          , Gd          , Gd          , Gd          , Gd          , Gd          , Gd          , Ww          , Ww          , Ww          , Ww          , Ww          , Ww          , Gd          , Gd          , Gd          , Gd          , Gd          , Gd          , Gd          , Gd          , Gd          , Gd          , Gd          , Gd          
Gd          , Gd          , Gd          , Gd          , Gd          , Gd          , Gd          , Ww          , Ww          , Ww          , Ww          , Ww          , Ww          , Gd          , Gd          , Gd          , Gd          , Gd          , Gd          , Gd          , Gd          , Gd          , Gd          , Gd          , Gd          
Gd          , Gd          , Gd          , Gd          , Gd          , Gd          , Gd          , Ww          , Ww          , Ww          , Ww          , Ww          , Ww          , Gd          , Gd          , Gd          , Gd          , Gd          , Gd          , Gd          , Gd          , Gd          , Gd          , Gd          , Gd          
Gd          , Gd          , Gd          , Gd          , Gd          , Gd          , Gd          , Ww          , Ww          , Ww          , Ww          , Ww          , Ww          , Gd          , Gd          , Gd          , Gd          , Gd          , Gd          , Gd          , Gd          , Gd          , Gd          , Gd          , Gd          
Gd          , Gd          , Gd          , Gd          , Gd          , Gd          , Ww          , Ww          , Ww          , Ww          , Ww          , Ww          , Ww          , Gd          , Gd          , Gd          , Gd          , Gd          , Gd          , Gd          , Gd          , Gd          , Gd          , Gd          , Gd          
Gd          , Gd          , Gd          , Gd          , Gd          , Gd          , Ww          , Ww          , Ww          , Ww          , Ww          , Ww          , Ww          , Ww          , Ww          , Gd          , Gd          , Gd          , Gd          , Gd          , Gd          , Gd          , Gd          , Gd          , Gd          
Gd          , Gd          , Gd          , Gd          , Ww          , Ww          , Ww          , Ww          , Ww          , Ww          , 1 Ww        , Ww          , Ww          , Ww          , Ww          , Ww          , Ww          , Gd          , Gd          , Gd          , Gd          , Gd          , Gd          , Gd          , Gd          
Gd          , Gd          , Ww          , Ww          , Ww          , Ww          , Ww          , Ww          , Ww          , Ww          , Ww          , Ww          , Ww          , Ww          , Ww          , Ww          , Ww          , Ww          , Ww          , Gd          , Gd          , Gd          , Gd          , Gd          , Gd          
