border_size=1
usage=map

Wwt         , Wwt         , Wwt         , Wwt         , Wwt         , Wwt         , Wwt         , Wwt         , Wwt         , Wwt         , Wwt         , Wwt         , Wwt         , Wwt         , Wwt         , Wwt         , Wwt         , Wwt         , Wwt         , Wwt         , Wwt         , Wwt         , Wwt         , Wwt         , Wwt         , Wwt         , Wwt         , Wwt         , Wwt         , Wwt         , Wwt         , Wwt         , Wwt         , Wwt         , Wwt         , Wwt         , Wwt         , Wwt         , Wwt         , Wwt         , Wwt         , Wwt         , Wwt         , Wwt         , Wwt         , Wwt         , Wwt         , Wwt         , Wwt         , Wwt         , Wwt         , Wwt         , Wwt         , Wwt         , Wwt         , Wwt         , Gll         , Gll         , Rp          , Rp          , Gd          , Gd          , Gd          , Gd          , Gd          , Gd          , Gd          , Gd          , Gd          
Wwt         , Wwt         , Wwt         , Wwt         , Wwt         , Wwt         , Wwt         , Wwt         , Wwt         , Wwt         , Wwt         , Wwt         , Wwt         , Wwt         , Wwt         , Wwt         , Wwt         , Wwt         , Wwt         , Wwt         , Wwt         , Wwt         , Wwt         , Wwt         , Wwt         , Wwt         , Wwt         , Wwt         , Wwt         , Wwt         , Wwt         , Wwt         , Wwt         , Wwt         , Wwt         , Wwt         , Wwt         , Wwt         , Wwt         , Wwt         , Wwt         , Wwt         , Wwt         , Wwt         , Wwt         , Wwt         , Wwt         , Wwt         , Wwt         , Wwt         , Wwt         , Wwt         , Wwt         , Wwt         , Ds          , Ds          , Rp          , Rp          , Gd          , Gd          , Gd          , Gd          , Gd          , Gd          , Gd          , Gd          , Gd          , Gd          , Gd          
Wwt         , Wwt         , Wwt         , Wwt         , Wwt         , Wwt         , Wwt         , Wwt         , Wwt         , Wwt         , Wwt         , Wwt         , Wwt         , Wwt         , Wwt         , Wwt         , Wwt         , Wwt         , Wwt         , Wwt         , Wwt         , Wwt         , Wwt         , Wwt         , Wwt         , Wwt         , Wwt         , Wwt         , Wwt         , Wwt         , Wwt         , Wwt         , Wwt         , Wwt         , Wwt         , Wwt         , Wwt         , Wwt         , Wwt         , Wwt         , Wwt         , Wwt         , Wwt         , Wwt         , Wwt         , Wwt         , Wwt         , Wwt         , Wwt         , Wwt         , Gd          , Gd          , Ds          , Ds          , Rp          , Rp          , Gd          , Gd          , Gd          , Gd          , Gd          , Gd          , Gd          , Gd          , Gd          , Gd          , Gd          , Gd          , Gd          
Wwt         , Wwt         , Wwt         , Wwt         , Wwt         , Wwt         , Wwt         , Wwt         , Wwt         , Wwt         , Wwt         , Wwt         , Wwt         , Wwt         , Wwt         , Wwt         , Wwt         , Wwt         , Wwt         , Wwt         , Wwt         , Wwt         , Wwt         , Wwt         , Wwt         , Wwt         , Wwt         , Wwt         , Wwt         , Wwt         , Wwt         , Wwt         , Wwt         , Wwt         , Wwt         , Wwt         , Wwt         , Wwt         , Wwt         , Wwt         , Wwt         , Wwt         , Wwt         , Wwt         , Wwt         , Wwt         , Gd          , Wwt         , Gd          , Gd          , Gd          , Gd          , Rp          , Rp          , Gd          , Gd          , Gd          , Gd          , Gd          , Gd          , Gll         , Gd          , Gll         , Gd          , Gd          , Gd          , Gd          , Gd          , Gd          
Wwt         , Wwt         , Wwt         , Wwt         , Wwt         , Wwt         , Wwt         , Wwt         , Wwt         , Wwt         , Wwt         , Wwt         , Wwt         , Wwt         , Wwt         , Wwt         , Wwt         , Wwt         , Wwt         , Wwt         , Wwt         , Wwt         , Wwt         , Wwt         , Wwt         , Wwt         , Wwt         , Wwt         , Wwt         , Wwt         , Wwt         , Wwt         , Wwt         , Wwt         , Wwt         , Wwt         , Wwt         , Wwt         , Ds          , Wwt         , Ds          , Ds          , Ds          , Ds          , Gd          , Gd          , Rp          , Gd          , Gd          , Gd          , Rp          , Rp          , Gd          , Gd          , Gd          , Gd          , Gd          , Gd          , Gd          , Gll         , Gll         , Gll         , Gll         , Gll         , Gll         , Gd          , Gd          , Gd          , Gd          
Wwt         , Wwt         , Wwt         , Wwt         , Wwt         , Wwt         , Wwt         , Wwt         , Wwt         , Wwt         , Wwt         , Wwt         , Wwt         , Wwt         , Wwt         , Wwt         , Wwt         , Wwt         , Wwt         , Wwt         , Wwt         , Wwt         , Wwt         , Wwt         , Wwt         , Wwt         , Wwt         , Wwt         , Wwt         , Wwt         , Wwt         , Wwt         , Wwt         , Wwt         , Wwt^Bw\     , Wwt         , Ds          , Ds          , Ds          , Ds          , Gd          , Ds          , Gd          , Gd          , Rp          , Rp          , Gd          , Rp          , Rp          , Rp          , Gd          , Gd          , Gd          , Gd          , Gd          , Gd          , Gd          , Gd          , Gd          , Gll         , Gll         , Gll         , Gll         , Gll         , Gll         , Gll         , Gd          , Gd          , Gd          
Wwt         , Wwt         , Wwt         , Wwt         , Wwt         , Wwt         , Wwt         , Wwt         , Wwt         , Wwt         , Wwt         , Wwt         , Wwt         , Wwt         , Wwt         , Wwt         , Wwt         , Wwt         , Wwt         , Wwt         , Wwt         , Wwt         , Wwt         , Wwt         , Wwt         , Wwt         , Wwt         , Wwt         , Wwt         , Wwt         , Wwt         , Wwt^Bw\     , Ch          , Wwt         , Gd^Vhr      , Gd          , Gd          , Gd          , Gd          , Gd          , Rp          , Rp          , Rp          , Rp          , Gd          , Gd          , Gd          , Gd          , Gd          , Gd          , Gd          , Gd          , Gd          , Gd          , Gd          , Gd          , Gd          , Gd          , Gll         , Gd          , Gll         , Gll         , Gll         , Gll         , Gll         , Gll         , Gd          , Gd          , Gd          
Wwt         , Wwt         , Wwt         , Wwt         , Wwt         , Wwt         , Wwt         , Wwt         , Wwt         , Wwt         , Wwt         , Wwt         , Wwt         , Wwt         , Wwt         , Wwt         , Wwt         , Wwt         , Wwt         , Wwt         , Wwt         , Wwt         , Wwt         , Wwt         , Wwt         , Wwt         , Wwt         , Wwt         , Wwt         , Wwt         , Wwt         , Ch          , 3 Kh        , Gd          , Rr          , Gd          , Rp          , Rp          , Rp          , Rp          , Gd          , Rp          , Gd          , Gd          , Gd          , Gd          , Gd          , Gd          , Gd          , Gd          , Gd          , Gd          , Gd          , Gd          , Gd          , Gd          , Gll         , Gll         , Gll         , Gll         , Gll         , Gll         , Gll         , Gll         , Gll         , Gd          , Gd          , Gd          , Gd          
Wwt         , Wwt         , Wwt         , Wwt         , Wwt         , Wwt         , Wwt         , Wwt         , Wwt         , Wwt         , Wwt         , Wwt         , Wwt         , Wwt         , Wwt         , Wwt         , Wwt         , Wwt         , Wwt         , Wwt         , Wwt         , Wwt         , Wwt         , Wwt         , Wwt         , Wwt         , Wwt         , Wwt         , Wwt         , Wwt^Bw\     , Gd          , Gd          , Rr          , Rr          , Gd^Vhr      , Rr          , Gd          , Gd          , Gd          , Gd          , Gd          , Gd          , Gd          , Gd          , Gd          , Gd          , Gd          , Gd          , Gd          , Gd          , Gd          , Gd          , Gd          , Gd          , Gd          , Gd          , Gll         , Gll         , Gll         , Gll         , Gll         , Gll         , Gll         , Gll         , Gd          , Gd          , Gd          , Gd          , Gd          
Wwt         , Wwt         , Wwt         , Wwt         , Wwt         , Wwt         , Wwt         , Wwt         , Wwt         , Wwt         , Wwt         , Wwt         , Wwt         , Wwt         , Wwt         , Wwt         , Wwt         , Wwt         , Wwt         , Wwt         , Wwt         , Wwt         , Wwt         , Wwt         , Wwt         , Wwt         , Wwt         , Wwt         , Gd          , Gd          , Gd          , Rr          , Gd^Vhr      , Gd          , Gd          , Gd          , Gd          , Gd          , Gd          , Gd          , Gd          , Gd          , Gd          , Gd          , Gd          , Gd          , Gd          , Gd          , Gd          , Gd          , Gd          , Gd          , Gd          , Gd          , Gd          , Gd          , Gd          , Gll         , Gll         , Gll         , Gll         , Gll         , Gd          , Gd          , Gd          , Gd          , Gd          , Gd          , Gd          
Wwt         , Wwt         , Wwt         , Wwt         , Wwt         , Wwt         , Wwt         , Wwt         , Wwt         , Wwt         , Wwt         , Wwt         , Wwt         , Wwt         , Wwt         , Wwt         , Wwt         , Wwt         , Wwt         , Wwt         , Wwt         , Wwt         , Wwt         , Wwt         , Wwt         , Wwt         , Wwt         , Gd          , Gd          , Gd          , Gd          , Rr          , Gd          , Gd          , Gd          , Gd          , Gd          , Gd          , Gd          , Gd          , Gd          , Gd          , Gd          , Gd          , Gd          , Gd          , Gd          , Gd          , Gd          , Gd          , Gd          , Gd          , Gd          , Gd          , Gd          , Gd          , Gd          , Gd          , Gd          , Gll         , Gd          , Gd          , Gd          , Gd          , Gd          , Gd          , Gd          , Gd          , Gd          
Wwt         , Wwt         , Wwt         , Wwt         , Wwt         , Wwt         , Wwt         , Wwt         , Wwt         , Wwt         , Wwt         , Wwt         , Wwt         , Wwt         , Wwt         , Wwt         , Wwt         , Wwt         , Wwt         , Wwt         , Wwt         , Wwt         , Wwt         , Wwt         , Wwt         , Wwt         , Gd          , Gd          , Gd          , Gd          , Rr          , Rr          , Gd          , Gd          , Gd          , Gd          , Gll         , Gd          , Gd          , Gd          , Gd          , Gd          , Gll         , Gd          , Gll         , Gd          , Gd          , Gd          , Gd          , Gd          , Gd          , Gd          , Gd          , Gd          , Gd          , Gd          , Gd          , Gd          , Gd          , Gd          , Gd          , Gd          , Gd          , Gd          , Gd          , Gd          , Gd          , Gd          , Gd          
Wwt         , Wwt         , Wwt         , Wwt         , Wwt         , Wwt         , Wwt         , Wwt         , Wwt         , Wwt         , Wwt         , Wwt         , Wwt         , Wwt         , Wwt         , Wwt         , Wwt         , Wwt         , Wwt         , Wwt         , Wwt         , Wwt         , Wwt         , Wwt         , Wwt         , Wwt         , Gd          , Gd          , Rr          , Rr          , Gd          , Gd          , Gd          , Gd          , Gd          , Gll         , Gll         , Gll         , Gll         , Gd          , Gll         , Gll         , Gll         , Gll         , Gll         , Gll         , Gd          , Gd          , Gd          , Gd          , Gd          , Gd          , Gd          , Gd          , Gd          , Gd          , Gd          , Gd          , Gd          , Gd          , Gd          , Gd          , Gd          , Gd          , Gd          , Gd          , Hhd         , Hhd         , Hhd         
Wwt         , Wwt         , Wwt         , Wwt         , Wwt         , Wwt         , Wwt         , Wwt         , Wwt         , Wwt         , Wwt         , Wwt         , Wwt         , Wwt         , Wwt         , Wwt         , Wwt         , Wwt         , Wwt         , Wwt         , Wwt         , Wwt         , Wwt         , Wwt         , Gd          , Gd          , Gd          , Rr          , Gd          , Gd          , Gd          , Gd          , Gd          , Gd          , Gd          , Gll         , Gll         , Gll         , Gll         , Gll         , Gll         , Gll         , Gll         , Gll         , Gll         , Gll         , Gd          , Gd          , Gd          , Gd          , Gd          , Gd          , Gd          , Gd          , Gd          , Gd          , Gd          , Gd          , Gd          , Gd          , Gd          , Gd          , Gd          , Gd          , Hhd         , Hhd         , Hhd         , Hhd         , Hhd         
Wwt         , Wwt         , Wwt         , Wwt         , Wwt         , Wwt         , Wwt         , Wwt         , Wwt         , Wwt         , Wwt         , Wwt         , Wwt         , Wwt         , Wwt         , Wwt         , Wwt         , Wwt         , Wwt         , Wwt         , Wwt         , Wwt         , Wwt         , Wwt         , Gd          , Gd          , Gd          , Rr          , Gd          , Gd          , Gd          , Gd          , Gd          , Gd          , Gd          , Gll         , Gll         , Gll         , Gll         , Gll         , Gll         , Gll         , Gll         , Gll         , Gll         , Gd          , Gd          , Gd          , Gd          , Gd          , Gd          , Gd          , Gd          , Gd          , Gd          , Gd          , Gd          , Gd          , Gd          , Gd          , Gd          , Gd          , Gd          , Hhd         , Hhd         , Hhd         , Hhd         , Hhd         , Hhd         
Wwt         , Wwt         , Wwt         , Wwt         , Wwt         , Wwt         , Wwt         , Wwt         , Wwt         , Wwt         , Wwt         , Wwt         , Wwt         , Wwt         , Wwt         , Wwt         , Wwt         , Wwt         , Wwt         , Wwt         , Wwt         , Wwt         , Gd          , Gd          , Gd          , Gd          , Gd          , Rr          , Gd          , Gd          , Gd          , Gd          , Gd          , Gd          , Gd          , Gd          , Gll         , Gll         , Gll         , Gll         , Gll         , Gll         , Gll         , Gll         , Gd          , Gd          , Gd          , Gd          , Gd          , Gd          , Gd          , Gd          , Gd          , Gd          , Gd          , Gd          , Gd          , Gd          , Gd          , Gd          , Gd          , Gd          , Hhd         , Hhd         , Hhd         , Hhd         , Hhd         , Md          , Md          
Wwt         , Wwt         , Wwt         , Wwt         , Wwt         , Wwt         , Wwt         , Wwt         , Wwt         , Wwt         , Wwt         , Wwt         , Wwt         , Wwt         , Wwt         , Wwt         , Wwt         , Wwt         , Wwt         , Wwt         , Wwt         , Wwt         , Gd          , Gd          , Gd          , Gd          , Gd          , Rr          , Gd          , Gd          , Gd          , Gd          , Gd          , Gd          , Gd          , Gll         , Gll         , Gll         , Gll         , Gll         , Gll         , Gll         , Gll         , Gll         , Gd          , Gd          , Gd          , Gd          , Gd          , Gd          , Gd          , Gd          , Gd          , Gd          , Gd          , Gd          , Gd          , Gd          , Gd          , Gd          , Gd          , Hhd         , Hhd         , Hhd         , Hhd         , Hhd         , Md          , Md          , Md          
Wwt         , Wwt         , Wwt         , Wwt         , Wwt         , Wwt         , Wwt         , Wwt         , Wwt         , Wwt         , Wwt         , Wwt         , Wwt         , Wwt         , Wwt         , Wwt         , Wwt         , Wwt         , Wwt         , Wwt         , Gd          , Gd          , Gd          , Gd          , Gd          , Gd          , Gd          , Rr          , Gd          , Gd          , Gd          , Gd          , Gd          , Gd          , Gll         , Gll         , Gll         , Gll         , Gll         , Gll         , Gll         , Gll         , Gd          , Gd          , Gd          , Gd          , Gd          , Gd          , Gd          , Gd          , Gd          , Gd          , Gd          , Gd          , Gd          , Gd          , Gd          , Gd          , Gd          , Gd          , Hhd         , Hhd         , Hhd         , Hhd         , Md          , Md          , Md          , Md          , Md          
Wwt         , Wwt         , Wwt         , Wwt         , Wwt         , Wwt         , Wwt         , Wwt         , Wwt         , Wwt         , Wwt         , Wwt         , Wwt         , Wwt         , Wwt         , Wwt         , Wwt         , Wwt         , Ds          , Ds          , Gd          , Gd          , Gd          , Gd          , Gd          , Gd          , Gd          , Rr          , Gd          , Gd          , Gd          , Gd          , Gd          , Gd          , Gll         , Gll         , Gll         , Gll         , Gll         , Gll         , Gd          , Gd          , Gd          , Gd          , Gd          , Gd          , Gd          , Gd          , Gd          , Gd          , Gd          , Gd          , Gd          , Gd          , Gd          , Gd          , Gd          , Gd          , Hhd         , Hhd         , Hhd         , Hhd         , Md          , Md          , Md          , Md          , Md          , Md          , Md          
Wwt         , Wwt         , Wwt         , Wwt         , Wwt         , Wwt         , Wwt         , Wwt         , Wwt         , Wwt         , Wwt         , Wwt         , Wwt         , Wwt         , Wwt         , Wwt         , Wwt         , Ds          , Ds          , Gd          , Gd          , Gd          , Gd          , Gd          , Gd          , Gd          , Rr          , Rr          , Gd          , Gd          , Gd          , Gd          , Gd          , Gd          , Gll         , Gll         , Gll         , Gll         , Gd          , Gd          , Gd          , Gd          , Gd          , Gd          , Gd          , Gd          , Gd          , Gd          , Gd          , Gd          , Gd          , Gd          , Gd          , Gd          , Gd          , Gd          , Hhd         , Hhd         , Hhd         , Hhd         , Hhd         , Hhd         , Md          , Md          , Hhd         , Hhd         , Hhd         , Hhd         , Hhd         
Wwt         , Wwt         , Wwt         , Wwt         , Wwt         , Wwt         , Wwt         , Wwt         , Wwt         , Wwt         , Wwt         , Wwt         , Wwt         , Wwt         , Wwt         , Wwt         , Ds          , Ds          , Gd          , Gd          , Gd          , Gd          , Gd          , Gd          , Rr          , Rr          , Gd          , Gd          , Gd          , Gd          , Gd          , Gd          , Gd          , Gd          , Gd          , Gll         , Gd          , Gd          , Gd          , Gd          , Gd          , Gd          , Gd          , Gd          , Gd          , Gd          , Gd          , Gd          , Gd          , Gd          , Gd          , Gd          , Hhd         , Hhd         , Hhd         , Hhd         , Hhd         , Hhd         , Hhd         , Hhd         , Md          , Md          , Md          , Md          , Hhd         , Hhd         , Hhd         , Hhd         , Hhd         
Wwt         , Wwt         , Wwt         , Wwt         , Wwt         , Wwt         , Wwt         , Wwt         , Wwt         , Wwt         , Wwt         , Wwt         , Wwt         , Wwt         , Wwt         , Wwt         , Ds          , Ds          , Gd          , Gd          , Gd          , Gd          , Rr          , Rr          , Gd          , Gd          , Gd          , Gd          , Gd          , Gd          , Gd          , Gd          , Gd          , Gd          , Gd          , Gd          , Gd          , Gd          , Gd          , Gd          , Gd          , Gd          , Gd          , Gd          , Gd          , Gd          , Gd          , Gd          , Hhd         , Hhd         , Hhd         , Hhd         , Hhd         , Hhd         , Hhd         , Hhd         , Hhd         , Hhd         , Hhd         , Hhd         , Md          , Md          , Md          , Md          , Md          , Hhd         , Md          , Hhd         , Hhd         
Wwt         , Wwt         , Wwt         , Wwt         , Wwt         , Wwt         , Wwt         , Wwt         , Wwt         , Wwt         , Wwt         , Wwt         , Wwt         , Wwt         , Wwt         , Ds          , Gd          , Gd          , Gd          , Gd          , Rr          , Rr          , Gd          , Gd          , Gd          , Gd          , Gd          , Gd          , Gd          , Gd          , Gd          , Gd          , Gd          , Gd          , Gd          , Gd          , Gd          , Gd          , Gd          , Gd          , Gd          , Gd          , Gd          , Gd          , Gd          , Gd          , Hhd         , Hhd         , Hhd         , Hhd         , Hhd         , Hhd         , Hhd         , Hhd         , Hhd         , Hhd         , Md          , Md          , Md          , Md          , Md          , Md          , Md          , Md          , Md          , Md          , Md          , Md          , Md          
Wwt         , Wwt         , Wwt         , Wwt         , Wwt         , Wwt         , Wwt         , Wwt         , Wwt         , Wwt         , Wwt         , Wwt         , Wwt         , Wwt         , Ds          , Ds          , Gd          , Gd          , Rr          , Rr          , Gd          , Gd          , Gd          , Gd          , Gd          , Gd          , Gd          , Gd          , Gd          , Gd          , Gd          , Gd          , Gd          , Gd          , Gd          , Gd          , Gd          , Gd          , Gd          , Gd          , Gd          , Gd          , Gd          , Gd          , Gd          , Hhd         , Hhd         , Hhd         , Hhd         , Hhd         , Hhd         , Hhd         , Hhd         , Hhd         , Md          , Md          , Md          , Md          , Md          , Md          , Md          , Md          , Md          , Md          , Md          , Md          , Md          , Md          , Md          
Wwt         , Wwt         , Wwt         , Wwt         , Wwt         , Wwt         , Wwt         , Wwt         , Wwt         , Wwt         , Wwt         , Wwt         , Wwt         , Wwt         , Ds          , Gd          , Gd          , Rr          , Gd          , Gd          , Gd          , Gd          , Gd          , Gd          , Gd          , Gd          , Gd          , Gd          , Gd          , Gd          , Gd          , Gd          , Gd          , Gd          , Gd          , Gd          , Gd          , Gd          , Gd          , Gd          , Gd          , Gd          , Gd          , Gd          , Hhd         , Hhd         , Hhd         , Hhd         , Hhd         , Hhd         , Hhd         , Hhd         , Hhd         , Hhd         , Md          , Md          , Md          , Md          , Md          , Md          , Md          , Md          , Md          , Md          , Md          , Md          , Md          , Md          , Md          
Wwt         , Wwt         , Wwt         , Wwt         , Wwt         , Wwt         , Wwt         , Wwt         , Wwt         , Wwt         , Wwt         , Wwt         , Wwt         , Ds          , Ds          , Gd          , Gd          , Rr          , Gd          , Gd          , Gd          , Gd          , Gd          , Gd          , Gd          , Gd          , Gd          , Gd          , Gd          , Gd          , Gd          , Gd          , Gd          , Gd          , Gd          , Gd          , Gd          , Gd          , Gd          , Gd          , Gd          , Gd          , Gd          , Gd          , Hhd         , Hhd         , Hhd         , Hhd         , Ww          , Ww          , Ww          , Hhd         , Wwg         , Md          , Wwg         , Md          , Md          , Md          , Md          , Md          , Md          , Md          , Md          , Md          , Md          , Md          , Md          , Md          , Md          
Wwt         , Wwt         , Wwt         , Wwt         , Wwt         , Wwt         , Wwt         , Wwt         , Wwt         , Wwt         , Wwt         , Wwt         , Ds          , Ds          , Gd          , Gd          , Gd          , Rr          , Gd          , Gd          , Gd          , Gd          , Gd          , Gd          , Gd          , Gd          , Gd          , Gd          , Gd          , Gd          , Gd          , Gd          , Gd          , Gd          , Gd          , Gd          , Gd          , Gd          , Gd          , Gd          , Gd          , Gd          , Ww          , Ww          , Ww          , Hhd         , Ww          , Ww          , Hhd         , Hhd^Vhhr    , Hhd         , Wwg         , Wwg         , Wwg         , Md          , Wwg         , Wwg         , Hhd^Vhhr    , Wwg         , Wwg         , Md          , Md          , Md          , Md          , Md          , Md          , Md          , Md          , Hhd         
Wwt         , Wwt         , Wwt         , Wwt         , Wwt         , Wwt         , Wwt         , Wwt         , Wwt         , Wwt         , Wwt         , Wwt         , Ds          , Ds          , Gd          , Gd          , Gd          , Rr          , Gd          , Gd          , Gd          , Gd          , Gd          , Gd          , Gd          , Gd          , Gd          , Gd          , Gd          , Gd          , Gd          , Gd          , Gd          , Gd          , Gd          , Gd          , Gd          , Gd          , Gd          , Gd          , Gd          , Wwt         , Gd          , Gd          , Gd          , Ww          , Hhd         , Hhd         , Hhd         , Hhd         , Hhd         , Hhd         , Md          , Md          , Md          , Md          , Wwg         , Wwg         , Wwg         , Wwg         , Md          , Md          , Md          , Md          , Md          , Md          , Hhd         , Hhd         , Hhd         
Wwt         , Wwt         , Wwt         , Wwt         , Wwt         , Wwt         , Wwt         , Wwt         , Wwt         , Wwt         , Wwt         , Wwt         , Gd          , Gd          , Gd          , Gd          , Gd          , Rr          , Gd          , Gd          , Gd          , Gd          , Gd          , Gd          , Gd          , Gd          , Gd          , Gd          , Gd          , Gd          , Gd          , Gd          , Gd          , Gd          , Gd          , Gd          , Gd          , Gd          , Gd          , Gd          , Gd          , Ww          , Gd          , Gd          , Gd          , Hhd         , Hhd         , Hhd         , Hhd         , Hhd         , Hhd         , Md          , Md          , Md          , Md          , Md          , Wwg         , Wwg         , Wwg         , Md          , Md          , Md          , Md          , Md          , Md          , Hhd         , Hhd         , Hhd         , Hhd         
Wwt         , Wwt         , Wwt         , Wwt         , Wwt         , Wwt         , Wwt         , Wwt         , Wwt         , Wwt         , Gd          , Gd          , Gd          , Gd          , Gd          , Gd          , Rr          , Rr          , Gd          , Gd          , Gd          , Gd          , Gd          , Gd          , Gd          , Gd          , Gd          , Gd          , Gd          , Gd          , Gd          , Gd          , Gd          , Gd          , Gd          , Gd          , Gd          , Gd          , Gd          , Gd          , Gd          , Ww          , Gd          , Gd          , Gd          , Hhd         , Hhd         , Hhd         , Hhd         , Hhd         , Hhd         , Md          , Md          , Md          , Md          , Md          , Hhd^Vhhr    , Wwg         , Md          , Md          , Md          , Md          , Md          , Md          , Hhd         , Hhd         , Hhd         , Hhd         , Md          
Wwt         , Wwt         , Wwt         , Wwt         , Wwt         , Wwt         , Wwt         , Wwt         , Wwt         , Gd          , Gd          , Gd          , Gd          , Gd          , Rr          , Rr          , Gd          , Gd          , Gd          , Gd          , Gd          , Gd          , Gd          , Gd          , Gd          , Gd          , Gd          , Gd          , Gd          , Gd          , Gd          , Gd          , Gd          , Gd          , Gd          , Gd          , Gd          , Gd          , Gd          , Gd          , Ww          , Ww          , Gd          , Gd          , Gd          , Hhd         , Hhd         , Hhd         , Hhd         , Hhd         , Hhd         , Md          , Md          , Md          , Md          , Md          , Hhd         , Hhd         , Md          , Md          , Md          , Md          , Md          , Md          , Hhd         , Hhd         , Md          , Md          , Md          
Wwt         , Wwt         , Wwt         , Wwt         , Wwt         , Wwt         , Wwt^Bw\     , Wwt         , Gd          , Gd          , Gd          , Ch          , Rr          , Rr          , Gd          , Gd          , Gd          , Gd          , Gd          , Gd          , Gd          , Gd          , Gd          , Gd          , Gd          , Gd          , Gd          , Gd          , Gd          , Gd          , Gd          , Gd          , Gd          , Gd          , Gd          , Gd          , Gd          , Gd          , Gd          , Gd          , Ww          , Ww          , Gd          , Gd          , Gd          , Gd          , Gd          , Hhd         , Hhd         , Hhd         , Hhd         , Md          , Md          , Md          , Md          , Md          , Hhd         , Hhd         , Md          , Md          , Md          , Md          , Md          , Hhd         , Md          , Md          , Md          , Md          , Md          
Wwt         , Wwt         , Wwt         , Wwt         , Wwt         , Wwt         , Wwt         , Rr          , Rr          , Gd          , Rr          , Rr          , Gd          , Ch          , Gd          , Gd          , Gd          , Gd          , Gd          , Gd          , Gd          , Gd          , Gd          , Gd          , Gd          , Gd          , Gd          , Gd          , Gd          , Gd          , Gd          , Gd          , Gd          , Gd          , Gd          , Gd          , Gd          , Gd          , Ww^Ewl      , Ww^Ewl      , Ww^Ewl      , Gd          , Gd          , Gd          , Gd          , Gd          , Gd          , Hhd         , Hhd         , Hhd         , Hhd         , Md          , Md          , Md          , Md          , Md          , Hhd         , Hhd         , Md          , Md          , Md          , Md          , Md          , Md          , Md          , Md          , Md          , Md          , Md          
Wwt         , Wwt         , Wwt         , Wwt         , Wwt         , Wwt         , Wwt^Bw\     , Gd^Vhr      , Rr          , Rr          , Rr          , Rp^Vhcr     , Gd          , Gd          , Gd          , Gd          , Gd          , Gd          , Gd          , Gd          , Gd          , Gd          , Gd          , Gd          , Gd          , Gd          , Gd          , Gd          , Gd          , Gd          , Gd          , Gd          , Gd          , Gd          , Gd          , Gd          , Gd          , Gd          , Ww^Ewl      , Ww^Ewl      , Ww^Ewl      , Gd          , Gd          , Gd          , Gd          , Gd          , Gd          , Gd          , Hhd         , Hhd         , Hhd         , Hhd         , Md          , Md          , Md          , Md          , Md          , Hhd         , Md          , Md          , Md          , Md          , Md          , Md          , Md          , Md          , Md          , Md          , Md          
Wwt         , Wwt         , Wwt         , Wwt         , Wwt         , Wwt         , Wwt         , Rr          , Ch          , Gd          , Gd          , Rr          , Gd^Vhr      , Gd          , Gd          , Ch          , Gd          , Gd          , Gd          , Gd          , Gd          , Gd          , Gd          , Gd          , Gd          , Gd          , Gd          , Gd          , Gd          , Gd          , Gd          , Gd          , Gd          , Gd          , Gd          , Gd          , Gd          , Ww^Ewl      , Ww^Ewl      , Ww^Ewl      , Gd          , Gd          , Gd          , Gd          , Gd          , Gd          , Gd          , Gd          , Hhd         , Hhd         , Hhd         , Hhd         , Md          , Md          , Md          , Md          , Md          , Md          , Md          , Md          , Md          , Md          , Md          , Md          , Md          , Md          , Md          , Md          , Md          
Wwt         , Wwt         , Wwt         , Wwt         , Wwt         , Wwt         , Wwt^Bw\     , Ch          , 2 Kh        , Ch          , Gd          , Rr          , Rr          , Rr          , Rr          , Rr          , Gd          , Gd          , Gd          , Gd          , Gd          , Gd          , Gd          , Gd          , Gd          , Gd          , Gd          , Gd          , Gd          , Gd          , Gd          , Gd          , Gd          , Gd          , Gd          , Gd          , Gd          , Ww^Ewl      , Gd          , Gd          , Gd          , Gd          , Gd          , Gd          , Gd          , Gd          , Gd          , Gd          , Hhd         , Hhd         , Hhd         , Hhd         , Md          , Md          , Md          , Md          , Md          , Md          , Md          , Md          , Md          , Md          , Md          , Md          , Md          , Md          , Md          , Md          , Md          
Wwt         , Wwt         , Wwt         , Wwt         , Wwt         , Wwt         , Wwt         , Ch          , Ch          , Ch          , Gd^Vhr      , Rr          , Gd^Vhr      , Gd          , Gd          , Ch          , Gd          , Gd          , Gd          , Gd          , Gd          , Gd          , Gd          , Gd          , Gd          , Gd          , Gd          , Gd          , Gd          , Gd          , Gd          , Gd          , Gd          , Gd          , Gd          , Gd          , Gd          , Ww          , Gd          , Gd          , Gd          , Gd          , Gd          , Gd          , Gd          , Gd          , Gd          , Gd          , Hhd         , Hhd         , Hhd         , Hhd         , Md          , Md          , Md          , Md          , Md          , Md          , Md          , Md          , Md          , Md          , Md          , Md          , Md          , Md          , Md          , Md          , Md          
Wwt         , Wwt         , Wwt         , Wwt         , Wwt         , Wwt         , Wwt^Bw\     , Gd          , Gd          , Gd          , Gd          , Rr          , Gd          , Gd          , Gd          , Gd          , Gd          , Gd          , Gd          , Gd          , Gd          , Gd          , Gd          , Gd          , Gd          , Gd          , Gd          , Gd          , Gd          , Gd          , Gd          , Gd          , Gd          , Gd          , Gd          , Gd          , Ww          , Ww          , Gd          , Gd          , Gd          , Gd          , Gd          , Gd          , Gd          , Gd          , Gd          , Gd          , Gd          , Hhd         , Hhd         , Hhd         , Md          , Md          , Md          , Md          , Md          , Md          , Md          , Md          , Md          , Md          , Md          , Md          , Md          , Md          , Md          , Md          , Md          
Wwt         , Wwt         , Wwt         , Wwt         , Wwt         , Wwt         , Ds          , Rr          , Rr          , Gd^Vhr      , Rr          , Rr          , Gd          , Gd          , Gd          , Gd          , Gd          , Gd          , Gd          , Gd          , Gd          , Gd          , Gd          , Gd          , Gd          , Gd          , Gd          , Gd          , Gd          , Gd          , Gd          , Gd          , Gd          , Gd          , Gd          , Ww          , Ww          , Gd          , Gd          , Gd          , Gd          , Gd          , Gd          , Gd          , Gd          , Gd          , Gd          , Gd          , Gd          , Hhd         , Hhd         , Hhd         , Hhd         , Md          , Hhd         , Md          , Md          , Md          , Md          , Md          , Md          , Md          , Md          , Md          , Md          , Md          , Md          , Md          , Md          
Wwt         , Wwt         , Wwt         , Wwt         , Wwt         , Wwt         , Ds          , Gd          , Gd          , Rr          , Gd          , Rr          , Rr          , Ch          , Gd          , Gd          , Gd          , Gd          , Gd          , Gd          , Gd          , Gd          , Gd          , Gd          , Gd          , Gd          , Gd          , Gd          , Gd          , Gd          , Gd          , Gd          , Gd          , Gd          , Ww          , Ww          , Gd          , Gd          , Gd          , Gd          , Gd          , Gd          , Gd          , Gd          , Gd          , Gd          , Gd          , Gd          , Gd          , Hhd         , Hhd         , Hhd         , Hhd         , Hhd         , Hhd         , Hhd         , Hhd         , Md          , Md          , Md          , Md          , Md          , Md          , Md          , Md          , Md          , Md          , Md          , Md          
Wwt         , Wwt         , Wwt         , Wwt         , Wwt         , Wwt         , Wwt         , Ds          , Ds          , Gd          , Gd          , Ch          , Gd          , Rr          , Rr          , Gd          , Gd          , Gd          , Gd          , Gd          , Gd          , Gd          , Gd          , Gd          , Gd          , Gd          , Gd          , Gd          , Gd          , Gd          , Gd          , Gd          , Ww          , Ww          , Gd          , Gd          , Gd          , Gd          , Gd          , Gd          , Gd          , Gd          , Gd          , Gd          , Gd          , Gd          , Gd          , Gd          , Gd          , Hhd         , Hhd         , Hhd         , Hhd         , Hhd         , Hhd         , Hhd         , Md          , Md          , Md          , Md          , Md          , Md          , Md          , Md          , Md          , Md          , Md          , Md          , Md          
Wwt         , Wwt         , Wwt         , Wwt         , Wwt         , Wwt         , Wwt         , Wwt         , Wwt         , Ds          , Ds          , Gd          , Gd          , Gd          , Gd          , Rr          , Rr          , Gd          , Gd          , Gd          , Gd          , Gd          , Gd          , Gd          , Gd          , Gd          , Gd          , Gd          , Gd          , Gd          , Gd          , Gd          , Ww          , Gd          , Gd          , Gd          , Gd          , Gd          , Gd          , Gd          , Gd          , Gd          , Gd          , Gd          , Gd          , Gd          , Gd          , Gd          , Gd          , Gd          , Hhd         , Hhd         , Hhd         , Hhd         , Md          , Md          , Md          , Md          , Md          , Md          , Md          , Md          , Md          , Md          , Md          , Md          , Md          , Md          , Md          
Wwt         , Wwt         , Wwt         , Wwt         , Wwt         , Wwt         , Wwt         , Wwt         , Wwt         , Wwt         , Wwt         , Ds          , Ds          , Gd          , Gd          , Gd          , Gd^Vhr      , Rr          , Rr          , Gd          , Gd          , Gd          , Gd          , Gd          , Gd          , Gd          , Gd          , Gd          , Gd          , Gd          , Ww          , Ww          , Gd          , Gd          , Gd          , Gd          , Gd          , Gd          , Gd          , Gd          , Gd          , Gd          , Gd          , Gd          , Gd          , Gd          , Gd          , Gd          , Gd          , Hhd         , Hhd         , Hhd         , Md          , Md          , Md          , Md          , Md          , Md          , Md          , Md          , Md          , Md          , Md          , Md          , Md          , Md          , Md          , Md          , Md          
Wwt         , Wwt         , Wwt         , Wwt         , Wwt         , Wwt         , Wwt         , Wwt         , Wwt         , Wwt         , Wwt         , Wwt         , Wwt         , Ds          , Ds          , Gd          , Gd          , Gd          , Gd          , Rr          , Rr          , Gd          , Gd          , Gd          , Gd          , Gd          , Gd          , Gd          , Ww          , Ww          , Gd          , Gd          , Gd          , Gd          , Gd          , Gd          , Gd          , Gd          , Gd          , Gd          , Gd          , Gd          , Gd          , Gd          , Gd          , Gd          , Gd          , Gd          , Gd          , Hhd         , Hhd         , Hhd         , Md          , Md          , Md          , Md          , Md          , Md          , Md          , Md          , Md          , Md          , Md          , Md          , Md          , Md          , Md          , Md          , Md          
Wwt         , Wwt         , Wwt         , Wwt         , Wwt         , Wwt         , Wwt         , Wwt         , Wwt         , Wwt         , Wwt         , Wwt         , Wwt         , Wwt         , Wwt         , Ds          , Ds          , Gd          , Gd          , Gd          , Gd          , Rr          , Rr          , Gd          , Gd          , Gd          , Ww          , Ww          , Gd          , Gd          , Gd          , Gd          , Gd          , Gd          , Gd          , Gd          , Gd          , Gd          , Gd          , Gd          , Gd          , Gd          , Gd          , Gd          , Gd          , Gd          , Gd          , Gd          , Gd          , Gd          , Hhd         , Hhd         , Md          , Md          , Md          , Md          , Md          , Md          , Md          , Md          , Md          , Md          , Md          , Md          , Md          , Md          , Md          , Md          , Md          
Wwt         , Wwt         , Wwt         , Wwt         , Wwt         , Wwt         , Wwt         , Wwt         , Wwt         , Wwt         , Wwt         , Wwt         , Wwt         , Wwt         , Wwt         , Wwt         , Wwt         , Ds          , Ds          , Ds          , Ds          , Ds          , Ds          , Rr          , Ww^Bsb\     , Ww          , Gd^Vhr      , Gd          , Gd          , Gd          , Gd          , Gd          , Gd          , Gd          , Gd          , Gd          , Gd          , Gd          , Gd          , Gd          , Gd          , Gd          , Gd          , Gd          , Gll         , Gll         , Gll         , Gd          , Gd          , Gd          , Hhd         , Hhd         , Md          , Md          , Md          , Md          , Md          , Md          , Md          , Md          , Md          , Md          , Md          , Md          , Md          , Md          , Md          , Md          , Md          
Wwt         , Wwt         , Wwt         , Wwt         , Wwt         , Wwt         , Wwt         , Wwt         , Wwt         , Wwt         , Wwt         , Wwt         , Wwt         , Wwt         , Wwt         , Wwt         , Wwt         , Wwt         , Wwt         , Ds          , Wwt         , Wwt         , Wwt         , Ww          , Ds          , Rr          , Rr          , Gd          , Gd          , Gd          , Gd          , Gd          , Gd          , Gd          , Gd          , Gd          , Gd          , Gd          , Gd          , Gd          , Gd          , Gd          , Gll         , Gll         , Gll         , Gll         , Gll         , Gll         , Gll         , Gd          , Gd          , Hhd         , Md          , Md          , Md          , Md          , Md          , Md          , Md          , Md          , Md          , Md          , Md          , Md          , Md          , Md          , Md          , Md          , Md          
Wwt         , Wwt         , Wwt         , Wwt         , Wwt         , Wwt         , Wwt         , Wwt         , Wwt         , Wwt         , Wwt         , Wwt         , Wwt         , Wwt         , Wwt         , Wwt         , Wwt         , Wwt         , Wwt         , Wwt         , Wwt         , Wwt         , Wwt         , Wwt         , Wwt         , Ds          , Ds          , Rr          , Rr          , Gd          , Gd          , Gd          , Gd          , Gd          , Gd          , Gd          , Gd          , Gd          , Gd          , Gd          , Gd          , Gd          , Gll         , Gll         , Gll         , Gll         , Gll         , Gll         , Gll         , Gll         , Gd          , Hhd         , Hhd         , Md          , Md          , Md          , Md          , Md          , Md          , Md          , Md          , Md          , Md          , Md          , Md          , Md          , Md          , Md          , Md          
Wwt         , Wwt         , Wwt         , Wwt         , Wwt         , Wwt         , Wwt         , Wwt         , Wwt         , Wwt         , Wwt         , Wwt         , Wwt         , Wwt         , Wwt         , Wwt         , Wwt         , Wwt         , Wwt         , Wwt         , Wwt         , Wwt         , Wwt         , Wwt         , Wwt         , Ds          , Ds          , Gd          , Gd          , Rr          , Rr          , Gd          , Gd          , Gd          , Gd          , Gd          , Gd          , Gd          , Gd          , Gd          , Gll         , Gll         , Gll         , Gll         , Gll         , Gll         , Gll         , Gll         , Gll         , Gll         , Gd          , Gd          , Hhd         , Hhd         , Hhd         , Md          , Md          , Md          , Md          , Md          , Md          , Md          , Md          , Md          , Md          , Md          , Md          , Md          , Md          
Wwt         , Wwt         , Wwt         , Wwt         , Wwt         , Wwt         , Wwt         , Wwt         , Wwt         , Wwt         , Wwt         , Wwt         , Wwt         , Wwt         , Wwt         , Wwt         , Wwt         , Wwt         , Wwt         , Wwt         , Wwt         , Wwt         , Wwt         , Wwt         , Wwt         , Wwt         , Ds          , Ds          , Gd          , Gd          , Gd          , Rr          , Rr          , Gd          , Gd          , Gd          , Gd          , Gd          , Gd          , Gd          , Gll         , Gll         , Gll         , Gll         , Gd          , Gll         , Gll         , Gll         , Gll         , Gd          , Gd          , Gd          , Gd          , Hhd         , Hhd         , Hhd         , Hhd         , Md          , Md          , Md          , Md          , Md          , Md          , Md          , Md          , Md          , Md          , Md          , Md          
Wwt         , Wwt         , Wwt         , Wwt         , Wwt         , Wwt         , Wwt         , Wwt         , Wwt         , Wwt         , Wwt         , Wwt         , Wwt         , Wwt         , Wwt         , Wwt         , Wwt         , Wwt         , Wwt         , Wwt         , Wwt         , Wwt         , Wwt         , Wwt         , Wwt         , Wwt         , Wwt         , Ds          , Gd          , Gd          , Gd          , Gd          , Gd          , Rr          , Gd          , Gd          , Gd          , Gd          , Gd          , Gd          , Gd          , Gll         , Gd          , Gd          , Gll         , Gll         , Gll         , Gll         , Gd          , Gd          , Gd          , Gd          , Gd          , Hhd         , Hhd         , Hhd         , Hhd         , Md          , Md          , Md          , Md          , Md          , Md          , Md          , Md          , Md          , Md          , Md          , Md          
Wwt         , Wwt         , Wwt         , Wwt         , Wwt         , Wwt         , Wwt         , Wwt         , Wwt         , Wwt         , Wwt         , Wwt         , Wwt         , Wwt         , Wwt         , Wwt         , Wwt         , Wwt         , Wwt         , Wwt         , Wwt         , Wwt         , Wwt         , Wwt         , Wwt         , Wwt         , Wwt         , Ds          , Gd          , Gd          , Gd          , Gd          , Rp          , Rr          , Gd          , Gd          , Gd          , Gd          , Gd          , Gd          , Gd          , Gd          , Gd          , Gd          , Gll         , Gll         , Gll         , Gll         , Gd          , Gd          , Gd          , Gd          , Gd          , Hhd         , Hhd         , Hhd         , Hhd         , Md          , Md          , Md          , Md          , Md          , Md          , Md          , Md          , Md          , Md          , Md          , Md          
Wwt         , Wwt         , Wwt         , Wwt         , Wwt         , Wwt         , Wwt         , Wwt         , Wwt         , Wwt         , Wwt         , Wwt         , Wwt         , Wwt         , Wwt         , Wwt         , Wwt         , Wwt         , Wwt         , Wwt         , Wwt         , Wwt         , Wwt         , Wwt         , Wwt         , Wwt         , Wwt         , Ds          , Gd^Vhr      , Gd          , Rp          , Rp          , Gd          , Rr          , Gd          , Gd          , Gd          , Gd          , Gd          , Gd          , Gd          , Gd          , Gd          , Gd          , Gd          , Gll         , Gd          , Gd          , Gd          , Gd          , Gd          , Gd          , Gd          , Hhd         , Hhd         , Hhd         , Hhd         , Md          , Md          , Md          , Md          , Md          , Md          , Md          , Md          , Md          , Md          , Md          , Md          
Wwt         , Wwt         , Wwt         , Wwt         , Wwt         , Wwt         , Wwt         , Wwt         , Wwt         , Wwt         , Wwt         , Wwt         , Wwt         , Wwt         , Wwt         , Wwt         , Wwt         , Wwt         , Wwt         , Wwt         , Wwt         , Wwt         , Wwt         , Wwt         , Wwt         , Wwt         , Wwt         , Ds          , Rp          , Rp          , Gd          , Gd          , Gd          , Rr          , Gd          , Gd          , Gd          , Gd          , Gd          , Gd          , Gd          , Gd          , Gd          , Gd          , Gd          , Gd          , Gd          , Gd          , Gd          , Gd          , Gd          , Gd          , Gd          , Gd          , Hhd         , Hhd         , Hhd         , Hhd         , Hhd         , Md          , Md          , Md          , Md          , Md          , Md          , Md          , Md          , Md          , Md          
Wwt         , Wwt         , Wwt         , Wwt         , Wwt         , Wwt         , Wwt         , Wwt         , Wwt         , Wwt         , Wwt         , Wwt         , Wwt         , Wwt         , Wwt         , Wwt         , Wwt         , Wwt         , Wwt         , Wwt         , Wwt         , Wwt         , Wwt         , Wwt         , Wwt         , Wwt         , Wwt         , Wwt         , Wwt         , Ds          , Ds          , Gd          , Gd          , Rr          , Gd          , Gd          , Gd          , Gd          , Gd          , Gd          , Gd          , Gd          , Gd          , Gd          , Gd          , Gd          , Gd          , Gd          , Gd          , Gd          , Gd          , Gd          , Gd          , Gd          , Gd          , Hhd         , Hhd         , Hhd         , Hhd         , Hhd         , Md          , Md          , Md          , Md          , Md          , Md          , Md          , Md          , Md          
Wwt         , Wwt         , Wwt         , Wwt         , Wwt         , Wwt         , Wwt         , Wwt         , Wwt         , Wwt         , Wwt         , Wwt         , Wwt         , Wwt         , Wwt         , Wwt         , Wwt         , Wwt         , Wwt         , Wwt         , Wwt         , Wwt         , Wwt         , Wwt         , Wwt         , Wwt         , Wwt         , Wwt         , Wwt         , Ds          , Ds          , Gd          , Gd          , Rr          , Gd          , Gd          , Gd          , Gd          , Gd          , Gd          , Gd          , Gd          , Gd          , Gd          , Gd          , Gd          , Gd          , Gd          , Gd          , Gd          , Gd          , Gd          , Gd          , Gd          , Gd          , Gd          , Gd          , Hhd         , Hhd         , Hhd         , Hhd         , Md          , Md          , Md          , Hhd         , Md          , Md          , Md          , Md          
Wwt         , Wwt         , Wwt         , Wwt         , Wwt         , Wwt         , Wwt         , Wwt         , Wwt         , Wwt         , Wwt         , Wwt         , Wwt         , Wwt         , Wwt         , Wwt         , Wwt         , Wwt         , Wwt         , Wwt         , Wwt         , Wwt         , Wwt         , Wwt         , Wwt         , Wwt         , Wwt         , Wwt         , Wwt         , Wwt         , Ds          , Gd          , Gd          , Rr          , Rr          , Gd          , Gd          , Gd          , Gd          , Gd          , Gd          , Gd          , Gd          , Gd          , Gd          , Gd          , Gd          , Gd          , Gd          , Gd          , Gd          , Gd          , Gd          , Gd          , Gd          , Gd          , Gd          , Gd          , Hhd         , Hhd         , Hhd         , Md          , Md          , Hhd         , Hhd         , Hhd         , Md          , Md          , Md          
Wwt         , Wwt         , Wwt         , Wwt         , Wwt         , Wwt         , Wwt         , Wwt         , Wwt         , Wwt         , Wwt         , Wwt         , Wwt         , Wwt         , Wwt         , Wwt         , Wwt         , Wwt         , Wwt         , Wwt         , Wwt         , Wwt         , Wwt         , Wwt         , Wwt         , Wwt         , Wwt         , Wwt         , Wwt         , Wwt         , Ds          , Gd          , Gd          , Gd          , Gd          , Rr          , Gd          , Gd          , Gd          , Gd          , Gd          , Gd          , Gd          , Gd          , Gd          , Gd          , Gd          , Gd          , Gd          , Gd          , Gd          , Gd          , Gd          , Gd          , Gd          , Gd          , Gd          , Gd          , Gd          , Hhd         , Hhd         , Hhd         , Hhd         , Hhd         , Hhd         , Hhd         , Md          , Md          , Md          
Wwt         , Wwt         , Wwt         , Wwt         , Wwt         , Wwt         , Wwt         , Wwt         , Wwt         , Wwt         , Wwt         , Wwt         , Wwt         , Wwt         , Wwt         , Wwt         , Wwt         , Wwt         , Wwt         , Wwt         , Wwt         , Wwt         , Wwt         , Wwt         , Wwt         , Wwt         , Wwt         , Wwt         , Wwt         , Wwt         , Ds          , Gd          , Gd          , Gd          , Gd          , Rr          , Rr          , Gd          , Gd          , Gd          , Gd          , Gd          , Gd          , Gd          , Gd          , Gd          , Gd          , Gd          , Gd          , Gd          , Gd          , Gd          , Gll         , Gll         , Gll         , Gll         , Gll         , Gd          , Gd          , Gd          , Hhd         , Hhd         , Hhd         , Hhd         , Hhd         , Hhd         , Hhd         , Md          , Md          
Wwt         , Wwt         , Wwt         , Wwt         , Wwt         , Wwt         , Wwt         , Wwt         , Wwt         , Wwt         , Wwt         , Wwt         , Wwt         , Wwt         , Wwt         , Wwt         , Wwt         , Wwt         , Wwt         , Wwt         , Wwt         , Wwt         , Wwt         , Wwt         , Wwt         , Wwt         , Wwt         , Wwt         , Wwt         , Wwt         , Ds          , Gd          , Gd          , Gd          , Gd          , Gd          , Gd          , Rr          , Rr          , Gd          , Gd          , Gd          , Gd          , Gd          , Gd          , Gd          , Gd          , Gd          , Gd          , Gd          , Gd          , Gd          , Gll         , Gll         , Gll         , Gll         , Gll         , Gll         , Gll         , Gd          , Gd          , Hhd         , Hhd         , Hhd         , Hhd         , Hhd         , Hhd         , Hhd         , Hhd         
Wwt         , Wwt         , Wwt         , Wwt         , Wwt         , Wwt         , Wwt         , Wwt         , Wwt         , Wwt         , Wwt         , Wwt         , Wwt         , Wwt         , Wwt         , Wwt         , Wwt         , Wwt         , Wwt         , Wwt         , Wwt         , Wwt         , Wwt         , Wwt         , Wwt         , Wwt         , Wwt         , Wwt         , Wwt         , Wwt         , Ds          , Gd          , Gd          , Gd          , Gd          , Gd          , Gd          , Gd          , Gd          , Rr          , Rr          , Gd          , Gd          , Gd          , Gd          , Gd          , Gd          , Gd          , Gd          , Gd          , Gd          , Gd          , Gd          , Gll         , Gll         , Gll         , Gll         , Gll         , Gll         , Gll         , Gd          , Gd          , Gd          , Hhd         , Hhd         , Hhd         , Hhd         , Hhd         , Hhd         
Wwt         , Wwt         , Wwt         , Wwt         , Wwt         , Wwt         , Wwt         , Wwt         , Wwt         , Wwt         , Wwt         , Wwt         , Wwt         , Wwt         , Wwt         , Wwt         , Wwt         , Wwt         , Wwt         , Wwt         , Wwt         , Wwt         , Wwt         , Wwt         , Wwt         , Wwt         , Wwt         , Wwt         , Wwt         , Wwt         , Ds          , Gd          , Gd          , Gd          , Gd          , Gd          , Gd          , Gd          , Gd          , Gd          , Gd          , Rr          , Rr          , Gd          , Gd          , Gd          , Gd^Vhr      , Gd          , Gd          , Gd          , Gd          , Gd          , Gd          , Gd          , Gll         , Gll         , Gll         , Gll         , Gll         , Gll         , Gd          , Gd^Vhr      , Gd          , Gd          , Gd          , Gd          , Hhd         , Hhd         , Hhd         
Wwt         , Wwt         , Wwt         , Wwt         , Wwt         , Wwt         , Wwt         , Wwt         , Wwt         , Wwt         , Wwt         , Wwt         , Wwt         , Wwt         , Wwt         , Wwt         , Wwt         , Wwt         , Wwt         , Wwt         , Wwt         , Wwt         , Wwt         , Wwt         , Wwt         , Wwt         , Wwt         , Wwt         , Wwt         , Wwt         , Ds          , Gd          , Gd          , Gd          , Gd          , Gd          , Gd          , Gd          , Gd          , Gd          , Gd          , Gd          , Gd          , Rr          , Rr          , Gd          , Gd          , Gd          , Gd          , Gd          , Gd          , Gd          , Gd          , Gd          , Gd          , Gll         , Gd          , Gd          , Gd          , Gd          , Gd          , Gd          , Gd          , Gd          , Ch          , Ch          , Ch          , Hhd         , Gll         
Wwt         , Wwt         , Wwt         , Wwt         , Wwt         , Wwt         , Wwt         , Wwt         , Wwt         , Wwt         , Wwt         , Wwt         , Wwt         , Wwt         , Wwt         , Wwt         , Wwt         , Wwt         , Wwt         , Wwt         , Wwt         , Wwt         , Wwt         , Wwt         , Wwt         , Wwt         , Wwt         , Wwt         , Wwt         , Wwt         , Ds          , Ds          , Ds          , Gd          , Gd          , Gd          , Gd          , Gd          , Gd          , Gd          , Gd          , Gd          , Gd          , Gd          , Gd          , Rr          , Rr          , Ch          , Ch          , Gd^Vhr      , Gd          , Gd          , Gd          , Gd          , Gd          , Gd          , Gd          , Gd          , Gd          , Gd          , Wwt         , Gd          , Gd          , Gd          , Chw         , 1 Kh        , Wwt^Bw|     , Gd          , Gll         
Wwt         , Wwt         , Wwt         , Wwt         , Wwt         , Wwt         , Wwt         , Wwt         , Wwt         , Wwt         , Wwt         , Wwt         , Wwt         , Wwt         , Wwt         , Wwt         , Wwt         , Wwt         , Wwt         , Wwt         , Wwt         , Wwt         , Wwt         , Wwt         , Wwt         , Wwt         , Wwt         , Wwt         , Wwt         , Wwt         , Wwt         , Ds          , Ds          , Ds          , Gd          , Gd          , Gd          , Gd          , Gd          , Gd          , Gd          , Gd          , Gd          , Gd          , Gd          , Gd          , Gd          , 4 Kh        , Wwt         , Gd          , Wwt         , Wwt         , Wwt         , Wwt         , Wwt         , Gd          , Wwt         , Wwt         , Wwt         , Wwt         , Wwt         , Wwt         , Wwt         , Chw         , Wwt         , Wwt         , Wwt         , Wwt         , Wwt         
Wwt         , Wwt         , Wwt         , Wwt         , Wwt         , Wwt         , Wwt         , Wwt         , Wwt         , Wwt         , Wwt         , Wwt         , Wwt         , Wwt         , Wwt         , Wwt         , Wwt         , Wwt         , Wwt         , Wwt         , Wwt         , Wwt         , Wwt         , Wwt         , Wwt         , Wwt         , Wwt         , Wwt         , Wwt         , Wwt         , Wwt         , Wwt         , Wwt         , Gd          , Wwt         , Gd          , Wwt         , Gd          , Wwt         , Gd          , Gd          , Gd          , Gd          , Gd          , Wwt         , Wwt         , Wwt^Bw|     , Wwt         , Wwt         , Wwt         , Wwt         , Wwt         , Wwt         , Wwt         , Wwt         , Wwt         , Wwt         , Wwt         , Wwt         , Wwt         , Wwt         , Wwt         , Wwt         , Wwt         , Wwt         , Wwt         , Wwt         , Wwt         , Wwt         
Wwt         , Wwt         , Wwt         , Wwt         , Wwt         , Wwt         , Wwt         , Wwt         , Wwt         , Wwt         , Wwt         , Wwt         , Wwt         , Wwt         , Wwt         , Wwt         , Wwt         , Wwt         , Wwt         , Wwt         , Wwt         , Wwt         , Wwt         , Wwt         , Wwt         , Wwt         , Wwt         , Wwt         , Wwt         , Wwt         , Wwt         , Wwt         , Wwt         , Wwt         , Wwt         , Wwt         , Wwt         , Wwt         , Wwt         , Wwt         , Wwt         , Gd          , Wwt         , Wwt         , Wwt         , Wwt         , Wwt         , Wwt         , Wwt         , Wwt         , Wwt         , Wwt         , Wwt         , Wwt         , Wwt         , Wwt         , Wwt         , Wwt         , Wwt         , Wwt         , Wwt         , Wwt         , Wwt         , Wwt         , Wwt         , Wwt         , Wwt         , Wwt         , Wwt         
Wwt         , Wwt         , Wwt         , Wwt         , Wwt         , Wwt         , Wwt         , Wwt         , Wwt         , Wwt         , Wwt         , Wwt         , Wwt         , Wwt         , Wwt         , Wwt         , Wwt         , Wwt         , Wwt         , Wwt         , Wwt         , Wwt         , Wwt         , Wwt         , Wwt         , Wwt         , Wwt         , Wwt         , Wwt         , Wwt         , Wwt         , Wwt         , Wwt         , Wwt         , Wwt         , Wwt         , Wwt         , Wwt         , Wwt         , Wwt         , Wwt         , Wwt         , Wwt         , Wwt         , Wwt         , Wwt         , Wwt         , Wwt         , Wwt         , Wwt         , Wwt         , Wwt         , Wwt         , Wwt         , Wwt         , Wwt         , Wwt         , Wwt         , Wwt         , Wwt         , Wwt         , Wwt         , Wwt         , Wwt         , Wwt         , Wwt         , Wwt         , Wwt         , Wwt         
Wwt         , Wwt         , Wwt         , Wwt         , Wwt         , Wwt         , Wwt         , Wwt         , Wwt         , Wwt         , Wwt         , Wwt         , Wwt         , Wwt         , Wwt         , Wwt         , Wwt         , Wwt         , Wwt         , Wwt         , Wwt         , Wwt         , Wwt         , Wwt         , Wwt         , Wwt         , Wwt         , Wwt         , Wwt         , Wwt         , Wwt         , Wwt         , Wwt         , Wwt         , Wwt         , Wwt         , Wwt         , Wwt         , Wwt         , Wwt         , Wwt         , Wwt         , Wwt         , Wwt         , Wwt         , Wwt         , Wwt         , Wwt         , Wwt         , Wwt         , Wwt         , Wwt         , Wwt         , Wwt         , Wwt         , Wwt         , Wwt         , Wwt         , Wwt         , Wwt         , Wwt         , Wwt         , Wwt         , Wwt         , Wwt         , Wwt         , Wwt         , Wwt         , Wwt         
